C:/TouchGFXProjects/danchoa37_project_embedded/danchoa37_project_embedded/Drivers/BSP/Components/a3g4250d/a3g4250d.c:208:9:A3G4250D_GetCapabilities	0	static
C:/TouchGFXProjects/danchoa37_project_embedded/danchoa37_project_embedded/Drivers/BSP/Components/a3g4250d/a3g4250d.c:286:9:A3G4250D_GYRO_GetSensitivity	0	static
C:/TouchGFXProjects/danchoa37_project_embedded/danchoa37_project_embedded/Drivers/BSP/Components/a3g4250d/a3g4250d.c:371:9:A3G4250D_GYRO_GetFullScale	0	static
C:/TouchGFXProjects/danchoa37_project_embedded/danchoa37_project_embedded/Drivers/BSP/Components/a3g4250d/a3g4250d.c:385:9:A3G4250D_GYRO_SetFullScale	0	static
C:/TouchGFXProjects/danchoa37_project_embedded/danchoa37_project_embedded/Drivers/BSP/Components/a3g4250d/a3g4250d.c:143:9:A3G4250D_Init	16	static
C:/TouchGFXProjects/danchoa37_project_embedded/danchoa37_project_embedded/Drivers/BSP/Components/a3g4250d/a3g4250d.c:231:9:A3G4250D_GYRO_Enable	8	static
C:/TouchGFXProjects/danchoa37_project_embedded/danchoa37_project_embedded/Drivers/BSP/Components/a3g4250d/a3g4250d.c:352:9:A3G4250D_GYRO_SetOutputDataRate	16	static
C:/TouchGFXProjects/danchoa37_project_embedded/danchoa37_project_embedded/Drivers/BSP/Components/a3g4250d/a3g4250d.c:192:9:A3G4250D_ReadID	8	static
C:/TouchGFXProjects/danchoa37_project_embedded/danchoa37_project_embedded/Drivers/BSP/Components/a3g4250d/a3g4250d.c:255:9:A3G4250D_GYRO_Disable	16	static
C:/TouchGFXProjects/danchoa37_project_embedded/danchoa37_project_embedded/Drivers/BSP/Components/a3g4250d/a3g4250d.c:170:9:A3G4250D_DeInit	8	static
C:/TouchGFXProjects/danchoa37_project_embedded/danchoa37_project_embedded/Drivers/BSP/Components/a3g4250d/a3g4250d.c:300:9:A3G4250D_GYRO_GetOutputDataRate	16	static
C:/TouchGFXProjects/danchoa37_project_embedded/danchoa37_project_embedded/Drivers/BSP/Components/a3g4250d/a3g4250d.c:400:9:A3G4250D_GYRO_GetAxesRaw	32	static
C:/TouchGFXProjects/danchoa37_project_embedded/danchoa37_project_embedded/Drivers/BSP/Components/a3g4250d/a3g4250d.c:436:9:A3G4250D_GYRO_GetAxes	16	static
C:/TouchGFXProjects/danchoa37_project_embedded/danchoa37_project_embedded/Drivers/BSP/Components/a3g4250d/a3g4250d.c:571:16:ReadRegWrap	8	static
C:/TouchGFXProjects/danchoa37_project_embedded/danchoa37_project_embedded/Drivers/BSP/Components/a3g4250d/a3g4250d.c:595:16:WriteRegWrap	8	static
C:/TouchGFXProjects/danchoa37_project_embedded/danchoa37_project_embedded/Drivers/BSP/Components/a3g4250d/a3g4250d.c:468:9:A3G4250D_Read_Reg	8	static
C:/TouchGFXProjects/danchoa37_project_embedded/danchoa37_project_embedded/Drivers/BSP/Components/a3g4250d/a3g4250d.c:485:9:A3G4250D_Write_Reg	16	static
C:/TouchGFXProjects/danchoa37_project_embedded/danchoa37_project_embedded/Drivers/BSP/Components/a3g4250d/a3g4250d.c:85:9:A3G4250D_RegisterBusIO	8	static
C:/TouchGFXProjects/danchoa37_project_embedded/danchoa37_project_embedded/Drivers/BSP/Components/a3g4250d/a3g4250d.c:501:9:A3G4250D_GYRO_Get_DRDY_Status	8	static
