C:/TouchGFXProjects/danchoa37_project_embedded/danchoa37_project_embedded/Drivers/BSP/Components/a3g4250d/a3g4250d_reg.c:48:16:a3g4250d_read_reg	4	static
C:/TouchGFXProjects/danchoa37_project_embedded/danchoa37_project_embedded/Drivers/BSP/Components/a3g4250d/a3g4250d_reg.c:71:16:a3g4250d_write_reg	4	static
C:/TouchGFXProjects/danchoa37_project_embedded/danchoa37_project_embedded/Drivers/BSP/Components/a3g4250d/a3g4250d_reg.c:96:9:a3g4250d_from_fs245dps_to_mdps	0	static
C:/TouchGFXProjects/danchoa37_project_embedded/danchoa37_project_embedded/Drivers/BSP/Components/a3g4250d/a3g4250d_reg.c:101:9:a3g4250d_from_lsb_to_celsius	0	static
C:/TouchGFXProjects/danchoa37_project_embedded/danchoa37_project_embedded/Drivers/BSP/Components/a3g4250d/a3g4250d_reg.c:127:9:a3g4250d_data_rate_set	24	static
C:/TouchGFXProjects/danchoa37_project_embedded/danchoa37_project_embedded/Drivers/BSP/Components/a3g4250d/a3g4250d_reg.c:154:9:a3g4250d_data_rate_get	16	static
C:/TouchGFXProjects/danchoa37_project_embedded/danchoa37_project_embedded/Drivers/BSP/Components/a3g4250d/a3g4250d_reg.c:204:9:a3g4250d_status_reg_get	8	static
C:/TouchGFXProjects/danchoa37_project_embedded/danchoa37_project_embedded/Drivers/BSP/Components/a3g4250d/a3g4250d_reg.c:221:9:a3g4250d_flag_data_ready_get	16	static
C:/TouchGFXProjects/danchoa37_project_embedded/danchoa37_project_embedded/Drivers/BSP/Components/a3g4250d/a3g4250d_reg.c:252:9:a3g4250d_temperature_raw_get	8	static
C:/TouchGFXProjects/danchoa37_project_embedded/danchoa37_project_embedded/Drivers/BSP/Components/a3g4250d/a3g4250d_reg.c:270:9:a3g4250d_angular_rate_raw_get	16	static
C:/TouchGFXProjects/danchoa37_project_embedded/danchoa37_project_embedded/Drivers/BSP/Components/a3g4250d/a3g4250d_reg.c:306:9:a3g4250d_device_id_get	8	static
C:/TouchGFXProjects/danchoa37_project_embedded/danchoa37_project_embedded/Drivers/BSP/Components/a3g4250d/a3g4250d_reg.c:323:9:a3g4250d_self_test_set	24	static
C:/TouchGFXProjects/danchoa37_project_embedded/danchoa37_project_embedded/Drivers/BSP/Components/a3g4250d/a3g4250d_reg.c:349:9:a3g4250d_self_test_get	16	static
C:/TouchGFXProjects/danchoa37_project_embedded/danchoa37_project_embedded/Drivers/BSP/Components/a3g4250d/a3g4250d_reg.c:387:9:a3g4250d_data_format_set	24	static
C:/TouchGFXProjects/danchoa37_project_embedded/danchoa37_project_embedded/Drivers/BSP/Components/a3g4250d/a3g4250d_reg.c:413:9:a3g4250d_data_format_get	16	static
C:/TouchGFXProjects/danchoa37_project_embedded/danchoa37_project_embedded/Drivers/BSP/Components/a3g4250d/a3g4250d_reg.c:447:9:a3g4250d_boot_set	24	static
C:/TouchGFXProjects/danchoa37_project_embedded/danchoa37_project_embedded/Drivers/BSP/Components/a3g4250d/a3g4250d_reg.c:473:9:a3g4250d_boot_get	16	static
C:/TouchGFXProjects/danchoa37_project_embedded/danchoa37_project_embedded/Drivers/BSP/Components/a3g4250d/a3g4250d_reg.c:506:9:a3g4250d_lp_bandwidth_set	24	static
C:/TouchGFXProjects/danchoa37_project_embedded/danchoa37_project_embedded/Drivers/BSP/Components/a3g4250d/a3g4250d_reg.c:532:9:a3g4250d_lp_bandwidth_get	16	static
C:/TouchGFXProjects/danchoa37_project_embedded/danchoa37_project_embedded/Drivers/BSP/Components/a3g4250d/a3g4250d_reg.c:574:9:a3g4250d_hp_bandwidth_set	24	static
C:/TouchGFXProjects/danchoa37_project_embedded/danchoa37_project_embedded/Drivers/BSP/Components/a3g4250d/a3g4250d_reg.c:600:9:a3g4250d_hp_bandwidth_get	16	static
C:/TouchGFXProjects/danchoa37_project_embedded/danchoa37_project_embedded/Drivers/BSP/Components/a3g4250d/a3g4250d_reg.c:666:9:a3g4250d_hp_mode_set	24	static
C:/TouchGFXProjects/danchoa37_project_embedded/danchoa37_project_embedded/Drivers/BSP/Components/a3g4250d/a3g4250d_reg.c:692:9:a3g4250d_hp_mode_get	16	static
C:/TouchGFXProjects/danchoa37_project_embedded/danchoa37_project_embedded/Drivers/BSP/Components/a3g4250d/a3g4250d_reg.c:734:9:a3g4250d_filter_path_set	24	static
C:/TouchGFXProjects/danchoa37_project_embedded/danchoa37_project_embedded/Drivers/BSP/Components/a3g4250d/a3g4250d_reg.c:761:9:a3g4250d_filter_path_get	16	static
C:/TouchGFXProjects/danchoa37_project_embedded/danchoa37_project_embedded/Drivers/BSP/Components/a3g4250d/a3g4250d_reg.c:803:9:a3g4250d_filter_path_internal_set	24	static
C:/TouchGFXProjects/danchoa37_project_embedded/danchoa37_project_embedded/Drivers/BSP/Components/a3g4250d/a3g4250d_reg.c:831:9:a3g4250d_filter_path_internal_get	16	static
C:/TouchGFXProjects/danchoa37_project_embedded/danchoa37_project_embedded/Drivers/BSP/Components/a3g4250d/a3g4250d_reg.c:874:9:a3g4250d_hp_reference_value_set	24	static
C:/TouchGFXProjects/danchoa37_project_embedded/danchoa37_project_embedded/Drivers/BSP/Components/a3g4250d/a3g4250d_reg.c:900:9:a3g4250d_hp_reference_value_get	16	static
C:/TouchGFXProjects/danchoa37_project_embedded/danchoa37_project_embedded/Drivers/BSP/Components/a3g4250d/a3g4250d_reg.c:934:9:a3g4250d_spi_mode_set	24	static
C:/TouchGFXProjects/danchoa37_project_embedded/danchoa37_project_embedded/Drivers/BSP/Components/a3g4250d/a3g4250d_reg.c:960:9:a3g4250d_spi_mode_get	16	static
C:/TouchGFXProjects/danchoa37_project_embedded/danchoa37_project_embedded/Drivers/BSP/Components/a3g4250d/a3g4250d_reg.c:1008:9:a3g4250d_pin_int1_route_set	24	static
C:/TouchGFXProjects/danchoa37_project_embedded/danchoa37_project_embedded/Drivers/BSP/Components/a3g4250d/a3g4250d_reg.c:1037:9:a3g4250d_pin_int1_route_get	16	static
C:/TouchGFXProjects/danchoa37_project_embedded/danchoa37_project_embedded/Drivers/BSP/Components/a3g4250d/a3g4250d_reg.c:1058:9:a3g4250d_pin_int2_route_set	24	static
C:/TouchGFXProjects/danchoa37_project_embedded/danchoa37_project_embedded/Drivers/BSP/Components/a3g4250d/a3g4250d_reg.c:1088:9:a3g4250d_pin_int2_route_get	16	static
C:/TouchGFXProjects/danchoa37_project_embedded/danchoa37_project_embedded/Drivers/BSP/Components/a3g4250d/a3g4250d_reg.c:1112:9:a3g4250d_pin_mode_set	24	static
C:/TouchGFXProjects/danchoa37_project_embedded/danchoa37_project_embedded/Drivers/BSP/Components/a3g4250d/a3g4250d_reg.c:1138:9:a3g4250d_pin_mode_get	16	static
C:/TouchGFXProjects/danchoa37_project_embedded/danchoa37_project_embedded/Drivers/BSP/Components/a3g4250d/a3g4250d_reg.c:1173:9:a3g4250d_pin_polarity_set	24	static
C:/TouchGFXProjects/danchoa37_project_embedded/danchoa37_project_embedded/Drivers/BSP/Components/a3g4250d/a3g4250d_reg.c:1200:9:a3g4250d_pin_polarity_get	16	static
C:/TouchGFXProjects/danchoa37_project_embedded/danchoa37_project_embedded/Drivers/BSP/Components/a3g4250d/a3g4250d_reg.c:1235:9:a3g4250d_int_notification_set	24	static
C:/TouchGFXProjects/danchoa37_project_embedded/danchoa37_project_embedded/Drivers/BSP/Components/a3g4250d/a3g4250d_reg.c:1259:9:a3g4250d_int_notification_get	16	static
C:/TouchGFXProjects/danchoa37_project_embedded/danchoa37_project_embedded/Drivers/BSP/Components/a3g4250d/a3g4250d_reg.c:1305:9:a3g4250d_int_on_threshold_conf_set	8	static
C:/TouchGFXProjects/danchoa37_project_embedded/danchoa37_project_embedded/Drivers/BSP/Components/a3g4250d/a3g4250d_reg.c:1323:9:a3g4250d_int_on_threshold_conf_get	8	static
C:/TouchGFXProjects/danchoa37_project_embedded/danchoa37_project_embedded/Drivers/BSP/Components/a3g4250d/a3g4250d_reg.c:1340:9:a3g4250d_int_on_threshold_mode_set	24	static
C:/TouchGFXProjects/danchoa37_project_embedded/danchoa37_project_embedded/Drivers/BSP/Components/a3g4250d/a3g4250d_reg.c:1365:9:a3g4250d_int_on_threshold_mode_get	16	static
C:/TouchGFXProjects/danchoa37_project_embedded/danchoa37_project_embedded/Drivers/BSP/Components/a3g4250d/a3g4250d_reg.c:1399:9:a3g4250d_int_on_threshold_src_get	8	static
C:/TouchGFXProjects/danchoa37_project_embedded/danchoa37_project_embedded/Drivers/BSP/Components/a3g4250d/a3g4250d_reg.c:1417:9:a3g4250d_int_x_threshold_set	24	static
C:/TouchGFXProjects/danchoa37_project_embedded/danchoa37_project_embedded/Drivers/BSP/Components/a3g4250d/a3g4250d_reg.c:1457:9:a3g4250d_int_x_threshold_get	24	static
C:/TouchGFXProjects/danchoa37_project_embedded/danchoa37_project_embedded/Drivers/BSP/Components/a3g4250d/a3g4250d_reg.c:1486:9:a3g4250d_int_y_threshold_set	24	static
C:/TouchGFXProjects/danchoa37_project_embedded/danchoa37_project_embedded/Drivers/BSP/Components/a3g4250d/a3g4250d_reg.c:1526:9:a3g4250d_int_y_threshold_get	24	static
C:/TouchGFXProjects/danchoa37_project_embedded/danchoa37_project_embedded/Drivers/BSP/Components/a3g4250d/a3g4250d_reg.c:1555:9:a3g4250d_int_z_threshold_set	24	static
C:/TouchGFXProjects/danchoa37_project_embedded/danchoa37_project_embedded/Drivers/BSP/Components/a3g4250d/a3g4250d_reg.c:1595:9:a3g4250d_int_z_threshold_get	24	static
C:/TouchGFXProjects/danchoa37_project_embedded/danchoa37_project_embedded/Drivers/BSP/Components/a3g4250d/a3g4250d_reg.c:1624:9:a3g4250d_int_on_threshold_dur_set	24	static
C:/TouchGFXProjects/danchoa37_project_embedded/danchoa37_project_embedded/Drivers/BSP/Components/a3g4250d/a3g4250d_reg.c:1662:9:a3g4250d_int_on_threshold_dur_get	16	static
C:/TouchGFXProjects/danchoa37_project_embedded/danchoa37_project_embedded/Drivers/BSP/Components/a3g4250d/a3g4250d_reg.c:1695:9:a3g4250d_fifo_enable_set	24	static
C:/TouchGFXProjects/danchoa37_project_embedded/danchoa37_project_embedded/Drivers/BSP/Components/a3g4250d/a3g4250d_reg.c:1721:9:a3g4250d_fifo_enable_get	16	static
C:/TouchGFXProjects/danchoa37_project_embedded/danchoa37_project_embedded/Drivers/BSP/Components/a3g4250d/a3g4250d_reg.c:1741:9:a3g4250d_fifo_watermark_set	24	static
C:/TouchGFXProjects/danchoa37_project_embedded/danchoa37_project_embedded/Drivers/BSP/Components/a3g4250d/a3g4250d_reg.c:1767:9:a3g4250d_fifo_watermark_get	16	static
C:/TouchGFXProjects/danchoa37_project_embedded/danchoa37_project_embedded/Drivers/BSP/Components/a3g4250d/a3g4250d_reg.c:1787:9:a3g4250d_fifo_mode_set	24	static
C:/TouchGFXProjects/danchoa37_project_embedded/danchoa37_project_embedded/Drivers/BSP/Components/a3g4250d/a3g4250d_reg.c:1814:9:a3g4250d_fifo_mode_get	16	static
C:/TouchGFXProjects/danchoa37_project_embedded/danchoa37_project_embedded/Drivers/BSP/Components/a3g4250d/a3g4250d_reg.c:1853:9:a3g4250d_fifo_data_level_get	16	static
C:/TouchGFXProjects/danchoa37_project_embedded/danchoa37_project_embedded/Drivers/BSP/Components/a3g4250d/a3g4250d_reg.c:1873:9:a3g4250d_fifo_empty_flag_get	16	static
C:/TouchGFXProjects/danchoa37_project_embedded/danchoa37_project_embedded/Drivers/BSP/Components/a3g4250d/a3g4250d_reg.c:1893:9:a3g4250d_fifo_ovr_flag_get	16	static
C:/TouchGFXProjects/danchoa37_project_embedded/danchoa37_project_embedded/Drivers/BSP/Components/a3g4250d/a3g4250d_reg.c:1916:9:a3g4250d_fifo_wtm_flag_get	16	static
