C:/TouchGFXProjects/danchoa37_project_embedded/danchoa37_project_embedded/Core/Src/main.c:889:13:SPI5_Write	16	static
C:/TouchGFXProjects/danchoa37_project_embedded/danchoa37_project_embedded/Core/Src/main.c:1001:6:StartDefaultTask	56	static
C:/TouchGFXProjects/danchoa37_project_embedded/danchoa37_project_embedded/Core/Src/main.c:1070:6:MouseControlTask	24	static
C:/TouchGFXProjects/danchoa37_project_embedded/danchoa37_project_embedded/Core/Src/main.c:284:6:SystemClock_Config	96	static
C:/TouchGFXProjects/danchoa37_project_embedded/danchoa37_project_embedded/Core/Src/main.c:184:5:main	112	static
C:/TouchGFXProjects/danchoa37_project_embedded/danchoa37_project_embedded/Core/Src/main.c:733:6:IOE_Init	0	static
C:/TouchGFXProjects/danchoa37_project_embedded/danchoa37_project_embedded/Core/Src/main.c:742:6:IOE_ITConfig	0	static
C:/TouchGFXProjects/danchoa37_project_embedded/danchoa37_project_embedded/Core/Src/main.c:754:6:IOE_Write	32	static
C:/TouchGFXProjects/danchoa37_project_embedded/danchoa37_project_embedded/Core/Src/main.c:765:9:IOE_Read	32	static
C:/TouchGFXProjects/danchoa37_project_embedded/danchoa37_project_embedded/Core/Src/main.c:778:10:IOE_ReadMultiple	24	static
C:/TouchGFXProjects/danchoa37_project_embedded/danchoa37_project_embedded/Core/Src/main.c:787:6:IOE_Delay	0	static
C:/TouchGFXProjects/danchoa37_project_embedded/danchoa37_project_embedded/Core/Src/main.c:915:6:LCD_IO_Init	8	static
C:/TouchGFXProjects/danchoa37_project_embedded/danchoa37_project_embedded/Core/Src/main.c:925:6:LCD_IO_WriteData	16	static
C:/TouchGFXProjects/danchoa37_project_embedded/danchoa37_project_embedded/Core/Src/main.c:941:6:LCD_IO_WriteReg	16	static
C:/TouchGFXProjects/danchoa37_project_embedded/danchoa37_project_embedded/Core/Src/main.c:960:10:LCD_IO_ReadData	32	static
C:/TouchGFXProjects/danchoa37_project_embedded/danchoa37_project_embedded/Core/Src/main.c:987:6:LCD_Delay	0	static
C:/TouchGFXProjects/danchoa37_project_embedded/danchoa37_project_embedded/Core/Src/main.c:1115:6:HAL_TIM_PeriodElapsedCallback	0	static
C:/TouchGFXProjects/danchoa37_project_embedded/danchoa37_project_embedded/Core/Src/main.c:1133:6:Error_Handler	0	static
