C:/TouchGFXProjects/danchoa37_project_embedded/danchoa37_project_embedded/Core/Src/main.c:889:13:SPI5_Write	1
C:/TouchGFXProjects/danchoa37_project_embedded/danchoa37_project_embedded/Core/Src/main.c:1001:6:StartDefaultTask	6
C:/TouchGFXProjects/danchoa37_project_embedded/danchoa37_project_embedded/Core/Src/main.c:1070:6:MouseControlTask	4
C:/TouchGFXProjects/danchoa37_project_embedded/danchoa37_project_embedded/Core/Src/main.c:284:6:SystemClock_Config	1
C:/TouchGFXProjects/danchoa37_project_embedded/danchoa37_project_embedded/Core/Src/main.c:184:5:main	2
C:/TouchGFXProjects/danchoa37_project_embedded/danchoa37_project_embedded/Core/Src/main.c:733:6:IOE_Init	1
C:/TouchGFXProjects/danchoa37_project_embedded/danchoa37_project_embedded/Core/Src/main.c:742:6:IOE_ITConfig	1
C:/TouchGFXProjects/danchoa37_project_embedded/danchoa37_project_embedded/Core/Src/main.c:754:6:IOE_Write	1
C:/TouchGFXProjects/danchoa37_project_embedded/danchoa37_project_embedded/Core/Src/main.c:765:9:IOE_Read	1
C:/TouchGFXProjects/danchoa37_project_embedded/danchoa37_project_embedded/Core/Src/main.c:778:10:IOE_ReadMultiple	1
C:/TouchGFXProjects/danchoa37_project_embedded/danchoa37_project_embedded/Core/Src/main.c:787:6:IOE_Delay	1
C:/TouchGFXProjects/danchoa37_project_embedded/danchoa37_project_embedded/Core/Src/main.c:915:6:LCD_IO_Init	1
C:/TouchGFXProjects/danchoa37_project_embedded/danchoa37_project_embedded/Core/Src/main.c:925:6:LCD_IO_WriteData	1
C:/TouchGFXProjects/danchoa37_project_embedded/danchoa37_project_embedded/Core/Src/main.c:941:6:LCD_IO_WriteReg	1
C:/TouchGFXProjects/danchoa37_project_embedded/danchoa37_project_embedded/Core/Src/main.c:960:10:LCD_IO_ReadData	1
C:/TouchGFXProjects/danchoa37_project_embedded/danchoa37_project_embedded/Core/Src/main.c:987:6:LCD_Delay	1
C:/TouchGFXProjects/danchoa37_project_embedded/danchoa37_project_embedded/Core/Src/main.c:1115:6:HAL_TIM_PeriodElapsedCallback	2
C:/TouchGFXProjects/danchoa37_project_embedded/danchoa37_project_embedded/Core/Src/main.c:1133:6:Error_Handler	1
