C:/TouchGFXProjects/prj_embedded/Core/Src/main.c:861:13:SPI5_Write	16	static
C:/TouchGFXProjects/prj_embedded/Core/Src/main.c:973:6:StartDefaultTask	32	static
C:/TouchGFXProjects/prj_embedded/Core/Src/main.c:255:6:SystemClock_Config	96	static
C:/TouchGFXProjects/prj_embedded/Core/Src/main.c:160:5:main	112	static
C:/TouchGFXProjects/prj_embedded/Core/Src/main.c:705:6:IOE_Init	0	static
C:/TouchGFXProjects/prj_embedded/Core/Src/main.c:714:6:IOE_ITConfig	0	static
C:/TouchGFXProjects/prj_embedded/Core/Src/main.c:726:6:IOE_Write	32	static
C:/TouchGFXProjects/prj_embedded/Core/Src/main.c:737:9:IOE_Read	32	static
C:/TouchGFXProjects/prj_embedded/Core/Src/main.c:750:10:IOE_ReadMultiple	24	static
C:/TouchGFXProjects/prj_embedded/Core/Src/main.c:759:6:IOE_Delay	0	static
C:/TouchGFXProjects/prj_embedded/Core/Src/main.c:887:6:LCD_IO_Init	8	static
C:/TouchGFXProjects/prj_embedded/Core/Src/main.c:897:6:LCD_IO_WriteData	16	static
C:/TouchGFXProjects/prj_embedded/Core/Src/main.c:913:6:LCD_IO_WriteReg	16	static
C:/TouchGFXProjects/prj_embedded/Core/Src/main.c:932:10:LCD_IO_ReadData	32	static
C:/TouchGFXProjects/prj_embedded/Core/Src/main.c:959:6:LCD_Delay	0	static
C:/TouchGFXProjects/prj_embedded/Core/Src/main.c:1021:6:HAL_TIM_PeriodElapsedCallback	0	static
C:/TouchGFXProjects/prj_embedded/Core/Src/main.c:1039:6:Error_Handler	0	static
